	Command being timed: "/home/logan/miniconda3/envs/py312_movie_tasks/bin/python -m pytest tests/ -q -p no:cacheprovider"
	User time (seconds): 1311.57
	System time (seconds): 13.83
	Percent of CPU this job got: 477%
	Elapsed (wall clock) time (h:mm:ss or m:ss): 4:37.86
	Average shared text size (kbytes): 0
	Average unshared data size (kbytes): 0
	Average stack size (kbytes): 0
	Average total size (kbytes): 0
	Maximum resident set size (kbytes): 3725848
	Average resident set size (kbytes): 0
	Major (requiring I/O) page faults: 0
	Minor (reclaiming a frame) page faults: 2810383
	Voluntary context switches: 35137
	Involuntary context switches: 211156
	Swaps: 0
	File system inputs: 72
	File system outputs: 135280
	Socket messages sent: 0
	Socket messages received: 0
	Signals delivered: 0
	Page size (bytes): 4096
	Exit status: 0
